{
  "exclude": {
    "files": null,
    "lines": null
  },
  "generated_at": "2020-07-23T18:51:39Z",
  "plugins_used": [
    {
      "name": "AWSKeyDetector"
    },
    {
      "name": "ArtifactoryDetector"
    },
    {
      "base64_limit": 4.5,
      "name": "Base64HighEntropyString"
    },
    {
      "name": "BasicAuthDetector"
    },
    {
      "name": "CloudantDetector"
    },
    {
      "hex_limit": 3,
      "name": "HexHighEntropyString"
    },
    {
      "name": "IbmCloudIamDetector"
    },
    {
      "name": "IbmCosHmacDetector"
    },
    {
      "name": "JwtTokenDetector"
    },
    {
      "keyword_exclude": null,
      "name": "KeywordDetector"
    },
    {
      "name": "MailchimpDetector"
    },
    {
      "name": "PrivateKeyDetector"
    },
    {
      "name": "SlackDetector"
    },
    {
      "name": "SoftlayerDetector"
    },
    {
      "name": "StripeDetector"
    },
    {
      "name": "TwilioKeyDetector"
    }
  ],
  "results": {
    "covid19-notebooks/jhu_map/jhu_map.html": [
      {
        "hashed_secret": "8aaf186f222d490d87a8b61db66e4b6889fa8786",
        "is_verified": false,
        "line_number": 4277,
        "type": "Secret Keyword"
      },
      {
        "hashed_secret": "a3db8de940d5957d2d7b663e5407d05e49172ed4",
        "is_verified": false,
        "line_number": 4500,
        "type": "Secret Keyword"
      }
    ]
  },
  "version": "0.13.1",
  "word_list": {
    "file": null,
    "hash": null
  }
}
